{
  "Items": [
    {
      "Type": "article",
      "Key": "test-ticket1661",
      "Exceptions": [],
      "Warnings": [],
      "Fields": {
        "title": "non-braking space: ~; accented characters: ñ and ñ; tilde in URL: \\urlhttp://example.com/~user"
      }
    }
  ],
  "Comments": []
}