{
  "Items": [
    {
      "Type": "article",
      "Key": "Adams2001",
      "Exceptions": [],
      "Warnings": [],
      "Fields": {
        "author": "Adams, Nancy K and DeSilva, Shanaka L and Self, Steven and Salas, Guido and Schubring, Steven and Permenter, Jason L and Arbesman, Kendra",
        "title": "The physical volcanology of the 1600 eruption of Huaynaputina, southern\r Peru",
        "journal": "Bulletin of Volcanology",
        "year": "2001",
        "volume": "62",
        "pages": "493--518",
        "keywords": "Vulcanian eruptions,breadcrust,plinian"
      }
    },
    {
      "Type": "Book",
      "Key": "Rechenberg2006a",
      "Exceptions": [],
      "Warnings": [],
      "Fields": {
        "title": "Technisches Schreiben",
        "publisher": "Hanser Fachbuchverlag",
        "year": "2006",
        "author": "Peter Rechenberg",
        "edition": "3., erw. und aktualisierte Aufl.",
        "isbn": "9783446406957",
        "pagetotal": "253",
        "ppn_gvk": "511633173",
        "subtitle": "(nicht nur) für Informatiker"
      }
    }
  ],
  "Comments": []
}