{
  "Items": [
    {
      "Type": "string",
      "Key": "nsdi",
      "Exceptions": [
        "Expecting a , after the BibTeX key\r\n % this is a comment    @string{nsdi = {USENIX NSDI}}    % this shouldn't bot\r\n                                     ^"
      ],
      "Warnings": [],
      "Fields": {}
    },
    {
      "Type": "inproceedings",
      "Key": "dqe",
      "Exceptions": [],
      "Warnings": [],
      "Fields": {
        "author": "M. Walfish and J.D. Zamfirescu and H. Balakrishnan and D. Karger and S. Shenker",
        "title": "Distributed Quota Enforcement for Spam Control",
        "booktitle": "nsdi",
        "year": "2006"
      }
    }
  ],
  "Comments": [
    "% this is a comment",
    "= {USENIX NSDI}}\r\n\r\n% this shouldn't bother the lexer"
  ]
}