{
  "Items": [
    {
      "Type": "empty",
      "Key": null,
      "Exceptions": [
        "Expecting a ( or {{ to start a BibTeX reference\r\n   @empty = delete?    \r\n          ^"
      ],
      "Warnings": [],
      "Fields": {}
    }
  ],
  "Comments": []
}