{
  "Items": [
    {
      "Type": "article",
      "Key": "IEEEexample:articledualmonths",
      "Exceptions": [
        "Expecting an = between the field name and the field value\r\n Bearings\",    journal       = IEEE_J_IA,    volume        = \"31\",    month     \r\n                                        ^",
        "Expecting a field name but nothing was acceptable, so moving onto next whitespace\r\n Bearings\",    journal       = IEEE_J_IA,    volume        = \"31\",    month     \r\n                                        ^"
      ],
      "Warnings": [],
      "Fields": {
        "author": "Y. Okada and K. Dejima and T. Ohishi",
        "title": "Analysis and Comparison of PM Synchronous Motor and\r\n                   Induction Motor Type Magnetic Bearings",
        "journal": "IEEE",
        "volume": "31",
        "month": "sep/oct",
        "year": "1995",
        "pages": "1047-1053"
      }
    },
    {
      "Type": "misc",
      "Key": "IEEEexample:TBPmisc",
      "Exceptions": [
        "Expecting an = between the field name and the field value\r\nomography\",    howpublished  = IEEE_M_SP,    month         = may,    year       \r\n                                        ^",
        "Expecting a field name but nothing was acceptable, so moving onto next whitespace\r\nomography\",    howpublished  = IEEE_M_SP,    month         = may,    year       \r\n                                        ^"
      ],
      "Warnings": [],
      "Fields": {
        "author": "M. Coates and A. Hero and R. Nowak and B. Yu",
        "title": "Internet Tomography",
        "howpublished": "IEEE",
        "month": "may",
        "year": "2002",
        "note": "to be published"
      }
    },
    {
      "Type": "inproceedings",
      "Key": "IEEEexample:confwithadddays",
      "Exceptions": [],
      "Warnings": [],
      "Fields": {
        "author": "M. S. Yee and L. Hanzo",
        "title": "Radial Basis Function Decision Feedback Equaliser\r\n                   Assisted Burst-by-burst Adaptive Modulation",
        "booktitle": "Proc. IEEE Globecom '99",
        "address": "Rio de Janeiro, Brazil",
        "month": "dec 5--9,",
        "year": "1999",
        "pages": "2183-2187"
      }
    }
  ],
  "Comments": [
    "journal article with dual months\r\nuse the BibTeX \"#\" concatenation operator\r\nFrom the March 2002 issue of \"IEEE Transactions on Mechatronics\",\r\npage 21, reference #8.",
    "journal article to be published as a misc entry type\r\ndate information like month and year is optional\r\nHowever, the article form like that below may be a better approach.\r\nFrom the May 2002 issue of \"IEEE Journal of Selected Areas in\r\nCommunication\", page 725, reference #3.",
    "conference paper with an address and days. Some journals capitalize the\r\nletters in \"Globecom\", this one did not.\r\nFrom the May 2002 issue of \"IEEE Transactions on Communications\",\r\npage 697, reference #12."
  ]
}