{
  "lines_set": [],
  "records": [],
  "bibtex_items": []
}