{
  "Items": [
    {
      "Type": "article",
      "Key": "QIQQA-VRVFI",
      "Exceptions": [],
      "Warnings": [],
      "Fields": {
        "author": "Step-Up DC\u0085DC Converters: A Comprehensive Review of Voltage-Boosting Techniques, Topologies, and Applications",
        "title": "",
        "year": "2017",
        "publisher": ""
      }
    }
  ],
  "Comments": []
}