{
  "Items": [
    {
      "Type": "online",
      "Key": "stackexchange_integers_14",
      "Exceptions": [],
      "Warnings": [],
      "Fields": {
        "date": "2014-10",
        "presort": "z",
        "shorttitle": "Do integers modulo $n$ minus $\\frac n 2$ (i.e. signed integers) still form a commutative ring?",
        "title": "Do integers modulo $n$ minus $\\frac n 2$ (i.e. signed integers) still form a commutative ring? - Mathematics Stack Exchange",
        "url": "http://math.stackexchange.com/q/978420",
        "urldate": "2014-10-26"
      }
    }
  ],
  "Comments": []
}