{
  "Items": [
    {
      "Type": "",
      "Key": "Nicolson2002mycoplasmal",
      "Exceptions": [
        "The BibTeX type is missing\r\n @{Nicolson2002mycoplasmal  , title = {Hig\r\n  ^"
      ],
      "Warnings": [],
      "Fields": {
        "title": "High frequency of systemic mycoplasmal infections in Gulf War veterans and civilians with Amyotrophic Lateral Sclerosis (ALS)",
        "author": "Garth Nicolson",
        "year": "2002",
        "doi": "10.1054/jocn.2001.1075",
        "pmid": "Journal of Clinical Neuroscience (2002) 9(5), 525-529"
      }
    }
  ],
  "Comments": []
}