{
  "Items": [
    {
      "Type": "include",
      "Key": null,
      "Exceptions": [
        "Expecting a ( or {{ to start a BibTeX reference\r\n @include conferences-cs    @default booktitle = u\r\n          ^"
      ],
      "Warnings": [],
      "Fields": {}
    },
    {
      "Type": "default",
      "Key": null,
      "Exceptions": [
        "Expecting a ( or {{ to start a BibTeX reference\r\n @include conferences-cs    @default booktitle = usenixg  @default year = 200\r\n                                     ^"
      ],
      "Warnings": [],
      "Fields": {}
    },
    {
      "Type": "default",
      "Key": null,
      "Exceptions": [
        "Expecting a ( or {{ to start a BibTeX reference\r\n @default booktitle = usenixg  @default year = 2004  @default bibsource = {DBLP,\r\n                                        ^"
      ],
      "Warnings": [],
      "Fields": {}
    },
    {
      "Type": "default",
      "Key": null,
      "Exceptions": [
        "Expecting a ( or {{ to start a BibTeX reference\r\nusenixg  @default year = 2004  @default bibsource = {DBLP, http://dblp.uni-trier\r\n                                        ^"
      ],
      "Warnings": [],
      "Fields": {}
    },
    {
      "Type": "inproceedings",
      "Key": "DBLP:conf/usenix/RuanP04",
      "Exceptions": [],
      "Warnings": [],
      "Fields": {
        "author": "Yaoping Ruan and\r\n               Vivek S. Pai",
        "title": "Making the \"Box\" Transparent: System Call Performance as\r\n               a First-Class Result",
        "pages": "1-14",
        "ee": "http://www.usenix.org/publications/library/proceedings/usenix04/t\r\nech/general/ruan.html"
      }
    },
    {
      "Type": "inproceedings",
      "Key": "DBLP:conf/usenix/CantrillSL04",
      "Exceptions": [],
      "Warnings": [],
      "Fields": {
        "author": "Bryan Cantrill and\r\n               Michael W. Shapiro and\r\n               Adam H. Leventhal",
        "title": "Dynamic Instrumentation of Production Systems",
        "pages": "15-28",
        "ee": "http://www.usenix.org/publications/library/proceedings/usenix04/t\r\nech/general/cantrill.html"
      }
    },
    {
      "Type": "default",
      "Key": null,
      "Exceptions": [
        "Expecting a ( or {{ to start a BibTeX reference\r\ncantrill.html},  }    % ...    @default year = 2003    @inproceedings{DBLP:conf/\r\n                                        ^"
      ],
      "Warnings": [],
      "Fields": {}
    },
    {
      "Type": "inproceedings",
      "Key": "DBLP:conf/usenix/PadioleauR03",
      "Exceptions": [],
      "Warnings": [],
      "Fields": {
        "author": "Yoann Padioleau and\r\n               Olivier Ridoux",
        "title": "A Logic File System",
        "pages": "99-112",
        "ee": "http://www.usenix.org/events/usenix03/tech/padioleau.html"
      }
    },
    {
      "Type": "inproceedings",
      "Key": "DBLP:conf/usenix/DouglisI03",
      "Exceptions": [],
      "Warnings": [],
      "Fields": {
        "author": "Fred Douglis and\r\n               Arun Iyengar",
        "title": "Application-specific Delta-encoding via Resemblance Detection",
        "pages": "113-126",
        "ee": "http://www.usenix.org/events/usenix03/tech/douglis.html"
      }
    }
  ],
  "Comments": [
    "conferences-cs",
    "booktitle = usenixg",
    "year = 2004",
    "bibsource = {DBLP, http://dblp.uni-trier.de}",
    "% ...",
    "year = 2003"
  ]
}