{
  "Items": [
    {
      "Type": "article",
      "Key": "Dassler2001",
      "Exceptions": [],
      "Warnings": [],
      "Fields": {
        "author": "Däßler, Klaus",
        "doi": "10.1175/1520-0493(1987)115<1606:GARSPP>2.0.CO;2",
        "journal": "Title, with comma",
        "keywords": "breadcrust,plinian,Vulcanian eruptions",
        "title": "The Physical: Violent Volcanology of the 1600 Eruption of Huaynaputina, Southern Peru",
        "volume": "62",
        "year": "2001"
      }
    }
  ],
  "Comments": []
}